// Jest Snapshot v1, https://goo.gl/fbAQLP

exports[`DatePicker basic 1`] = `
<div>
  <div
    class="css-1fnqa59-StyledDatePicker e16eoyl10"
  >
    <div>
      <div
        class="react-datepicker__input-container"
      >
        <input
          class="form-control"
          type="text"
          value=""
        />
      </div>
    </div>
  </div>
</div>
`;
